// Jest Snapshot v1, https://goo.gl/fbAQLP

exports[`App Component renders the UI as expected 1`] = `
<div
  className="App"
>
  <ul />
</div>
`;
